[dotenv@17.3.1] injecting env (15) from .env -- tip: ≡ƒöÉ prevent building .env in docker: https://dotenvx.com/prebuild
MongoDB Connected: ac-7ddh0p0-shard-00-02.eiwfsgv.mongodb.net
Database cleared.
node : Seeding failed: TypeError: next is not a function
At line:1 char:1
+ node scripts/seedData.js > error_log.txt 2>&1
+ ~~~~~~~~~~~~~~~~~~~~~~~~~~~~~~~~~~~~~~~~~~~~~
    + CategoryInfo          : NotSpecified: (Seeding failed:... n 
   ot a function:String) [], RemoteException
    + FullyQualifiedErrorId : NativeCommandError
 
    at model.<anonymous> (file:///D:/Web%20Development/ET%20GenAI/
nexus-ai/backend/models/User.js:51:3)
    at async Kareem.execPre (D:\Web Development\ET 
GenAI\nexus-ai\backend\node_modules\kareem\index.js:70:24)
    at async model.$__save (D:\Web Development\ET 
GenAI\nexus-ai\backend\node_modules\mongoose\lib\model.js:394:5)
    at async model.save (D:\Web Development\ET 
GenAI\nexus-ai\backend\node_modules\mongoose\lib\model.js:664:5)
    at async Function.create (D:\Web Development\ET 
GenAI\nexus-ai\backend\node_modules\mongoose\lib\model.js:2751:5)
    at async seedData (file:///D:/Web%20Development/ET%20GenAI/nex
us-ai/backend/scripts/seedData.js:30:23)
